// 同步 ID: 956afaf2 @ Sat Jul 25 16:12:26 UTC 2026
// 重构日志: 10d30992
// 同步 ID: 8a08b23c @ Mon Jul 27 08:42:36 UTC 2026
// 重构日志: 26c34e55
// 重构日志: 611ef017
// 同步 ID: 3537c17c @ Wed Jul 29 15:53:03 UTC 2026
// 同步 ID: 7d017fd9 @ Fri Jul 31 07:34:03 UTC 2026
// 重构日志: 4c6fd094
// 重构日志: 4ef65497
// 同步 ID: 04e3be57 @ Sat Aug  1 00:46:21 UTC 2026
// 重构日志: e7f4305c
// 同步 ID: 7023a307 @ Sat Aug  1 07:10:05 UTC 2026
// 重构日志: 7226c0a3
// 重构日志: 201b832a
// 同步 ID: 555e2d5c @ Sun Aug  2 12:17:21 UTC 2026
// 重构日志: 53755e2e
// 重构日志: 5a3c9e2a
// 重构日志: 2a58525e
// 重构日志: 418d8442
// 同步 ID: f185a6dc @ Wed Aug  5 04:26:17 UTC 2026
// 同步 ID: 2c3137a1 @ Wed Aug  5 12:55:19 UTC 2026
// 重构日志: cad59f90
// 重构日志: 571704d2
// 重构日志: 5f48a5b5
// 重构日志: 506eaabb
// 重构日志: 3ccf182a
// 重构日志: 376b918a
// 同步 ID: a882ea66 @ Fri Aug  7 18:38:34 UTC 2026
// 同步 ID: 47e1aea6 @ Sat Aug  8 07:50:06 UTC 2026
// 同步 ID: 72cabdb4 @ Sat Aug  8 17:35:11 UTC 2026
